{"animal":"walrus","level":"info","msg":"A group of walrus emerges from the ocean","size":10,"time":"2021-10-05T07:13:36+08:00"}
{"level":"warning","msg":"The group's number increased tremendously!","number":122,"omg":true,"time":"2021-10-05T07:13:36+08:00"}
{"level":"fatal","msg":"The ice breaks!","number":100,"omg":true,"time":"2021-10-05T07:13:36+08:00"}
